../Core/Src/main.c:82:6:get_sineval	16	static
../Core/Src/main.c:93:5:main	128	static
../Core/Src/main.c:193:6:SystemClock_Config	88	static
../Core/Src/main.c:241:13:MX_DAC_Init	16	static
../Core/Src/main.c:281:13:MX_I2C2_Init	8	static
../Core/Src/main.c:329:13:MX_USART3_UART_Init	8	static
../Core/Src/main.c:362:13:MX_DMA_Init	16	static
../Core/Src/main.c:380:13:MX_GPIO_Init	40	static
../Core/Src/main.c:416:6:decibelMeterHook	112	static
../Core/Src/main.c:451:6:semaphoreHook	24	static
../Core/Src/main.c:475:6:MPU_Config	24	static
../Core/Src/main.c:506:6:Error_Handler	4	static,ignoring_inline_asm
